// Jest Snapshot v1, https://goo.gl/fbAQLP

exports[`index renders properly 1`] = `
<section class="container">
  <div>
    <logo-stub></logo-stub>
    <h1 class="title">test1</h1>
    <h2 class="subtitle">My hunky-dory Nuxt.js project</h2>
    <h2 class="subtitle">
      <nuxt-link-stub>Login</nuxt-link-stub>
    </h2>
    <div class="links"><a href="https://nuxtjs.org/" target="_blank" class="button--green">Documentation</a> <a href="https://github.com/nuxt/nuxt.js" target="_blank" class="button--grey">GitHub</a></div>
  </div>
</section>
`;
